<html>
<body>
<h1>Statement for BigCo</h1>
<table>
<tr><th>play</th><th>seats</th><th>cost</th></tr>
<tr><td>Hamlet</td><td>55</td><td>$650.00</td></tr>
<tr><td>As You Like It</td><td>35</td><td>$580.00</td></tr>
<tr><td>Othello</td><td>40</td><td>$500.00</td></tr>
</table>
</body>
</html>